#-----------------------------------------------------------
# Vivado v2024.2 (64-bit)
# SW Build 5239630 on Fri Nov 08 22:35:27 MST 2024
# IP Build 5239520 on Sun Nov 10 16:12:51 MST 2024
# SharedData Build 5239561 on Fri Nov 08 14:39:27 MST 2024
# Start of session at: Fri Sep 26 13:19:05 2025
# Process ID         : 9204
# Current directory  : E:/ES_FPGA/ASCON_V3_marche/project_ascon
# Command line       : vivado.exe -gui_launcher_event rodinguilauncherevent3472 E:\ES_FPGA\ASCON_V3_marche\project_ascon\project_ascon.xpr
# Log file           : E:/ES_FPGA/ASCON_V3_marche/project_ascon/vivado.log
# Journal file       : E:/ES_FPGA/ASCON_V3_marche/project_ascon\vivado.jou
# Running On         : GCP-E106-24
# Platform           : Windows Server 2016 or Windows 10
# Operating System   : 26100
# Processor Detail   : Intel(R) Core(TM) i5-10500 CPU @ 3.10GHz
# CPU Frequency      : 3096 MHz
# CPU Physical cores : 6
# CPU Logical cores  : 12
# Host memory        : 16474 MB
# Swap memory        : 16642 MB
# Total Virtual      : 33117 MB
# Available Virtual  : 28982 MB
#-----------------------------------------------------------
start_gui
open_project E:/ES_FPGA/ASCON_V3_marche/project_ascon/project_ascon.xpr
WARNING: [Board 49-26] cannot add Board Part xilinx.com:zcu208ld:part0:2.0 available at C:/Xilinx/Vivado/2024.2/data/xhub/boards/XilinxBoardStore/boards/Xilinx/zcu208ld/production/2.0/board.xml as part xczu58dr-fsvg1517-2-i specified in board_part file is either invalid or not available
WARNING: [Board 49-26] cannot add Board Part xilinx.com:zcu216ld:part0:2.0 available at C:/Xilinx/Vivado/2024.2/data/xhub/boards/XilinxBoardStore/boards/Xilinx/zcu216ld/production/2.0/board.xml as part xczu59dr-ffvf1760-2-i specified in board_part file is either invalid or not available
WARNING: [Board 49-26] cannot add Board Part xilinx.com:zcu670ld:part0:1.0 available at C:/Xilinx/Vivado/2024.2/data/xhub/boards/XilinxBoardStore/boards/Xilinx/zcu670ld/1.0/board.xml as part xczu57dr-fsve1156-2-i specified in board_part file is either invalid or not available
INFO: [Project 1-313] Project file moved from 'C:/Users/eleves/Desktop/ES_FPGA/TP_ASCON/project_ascon' since last save.
INFO: [filemgmt 56-1] Board Part Repository Path: Directory not found as 'E:/../AppData/Roaming/Xilinx/Vivado/2024.2/xhub/board_store/xilinx_board_store'; using path 'C:/Users/eleves/AppData/Roaming/Xilinx/Vivado/2024.2/xhub/board_store/xilinx_board_store' instead.
Scanning sources...
Finished scanning sources
INFO: [IP_Flow 19-234] Refreshing IP repositories
INFO: [IP_Flow 19-1704] No user IP repositories specified
INFO: [IP_Flow 19-2313] Loaded Vivado IP repository 'C:/Xilinx/Vivado/2024.2/data/ip'.
open_project: Time (s): cpu = 00:00:17 ; elapsed = 00:00:08 . Memory (MB): peak = 1298.684 ; gain = 200.629
update_compile_order -fileset sources_1
exit
INFO: [Common 17-206] Exiting Vivado at Fri Sep 26 13:19:39 2025...
