Vivado Simulator v2025.1.0
Copyright 1986-2022 Xilinx, Inc. All Rights Reserved.
Copyright 2022-2025 Advanced Micro Devices, Inc. All Rights Reserved.
Running: D:/Vivado/2025.1/Vivado/bin/unwrapped/win64.o/xelab.exe --incr --debug typical --relax --mt 2 -L xil_defaultlib -L blk_mem_gen_v8_4_9 -L uvm -L unisims_ver -L unimacro_ver -L secureip -L xpm --snapshot top_ascon_tb_2_behav xil_defaultlib.top_ascon_tb_2 xil_defaultlib.glbl -log elaborate.log 
Using 2 slave threads.
Starting static elaboration
Pass Through NonSizing Optimizer
WARNING: [VRFC 10-3091] actual bit length 8 differs from formal bit length 4 for port 'mux2_i' [C:/Users/titi7/Desktop/keysights/project_ascon/project_ascon.srcs/sim_1/new/top_ascon_tb_2.sv:38]
WARNING: [VRFC 10-3823] variable 'affichage_s' might have multiple concurrent drivers [C:/Users/titi7/Desktop/keysights/project_ascon/project_ascon.srcs/sim_1/new/top_ascon_tb_2.sv:48]
Completed static elaboration
Starting simulation data flow analysis
WARNING: [XSIM 43-4100] "C:/Users/titi7/Desktop/keysights/project_ascon/project_ascon.srcs/sim_1/new/top_ascon_tb_2.sv" Line 23. Module top_ascon_tb_2 has a timescale but at least one module in design doesn't have timescale.
WARNING: [XSIM 43-4100] "C:/Users/titi7/Desktop/keysights/project_ascon/project_ascon.srcs/sources_1/new/top_ascon.sv" Line 23. Module top_ascon has a timescale but at least one module in design doesn't have timescale.
WARNING: [XSIM 43-4100] "C:/Users/titi7/Desktop/keysights/project_ascon/project_ascon.srcs/sources_1/imports/RTL/ascon.sv" Line 5. Module ascon has a timescale but at least one module in design doesn't have timescale.
WARNING: [XSIM 43-4100] "C:/Users/titi7/Desktop/keysights/project_ascon/project_ascon.srcs/sources_1/imports/RTL/fsm_moore.sv" Line 4. Module fsm_moore has a timescale but at least one module in design doesn't have timescale.
WARNING: [XSIM 43-4100] "C:/Users/titi7/Desktop/keysights/project_ascon/project_ascon.srcs/sources_1/imports/RTL/compteur_double_init.sv" Line 4. Module compteur_double_init has a timescale but at least one module in design doesn't have timescale.
WARNING: [XSIM 43-4100] "C:/Users/titi7/Desktop/keysights/project_ascon/project_ascon.srcs/sources_1/imports/RTL/mux_state.sv" Line 3. Module mux_state has a timescale but at least one module in design doesn't have timescale.
WARNING: [XSIM 43-4100] "C:/Users/titi7/Desktop/keysights/project_ascon/project_ascon.srcs/sources_1/imports/RTL/xor_begin_perm.sv" Line 3. Module xor_begin_perm has a timescale but at least one module in design doesn't have timescale.
WARNING: [XSIM 43-4100] "C:/Users/titi7/Desktop/keysights/project_ascon/project_ascon.srcs/sources_1/imports/RTL/register_w_en.sv" Line 3. Module register_w_en(nb_bits_g=64) has a timescale but at least one module in design doesn't have timescale.
WARNING: [XSIM 43-4100] "C:/Users/titi7/Desktop/keysights/project_ascon/project_ascon.srcs/sources_1/imports/RTL/xor_end_perm.sv" Line 3. Module xor_end_perm has a timescale but at least one module in design doesn't have timescale.
WARNING: [XSIM 43-4100] "C:/Users/titi7/Desktop/keysights/project_ascon/project_ascon.srcs/sources_1/imports/RTL/state_register_w_en.sv" Line 4. Module state_register_w_en has a timescale but at least one module in design doesn't have timescale.
WARNING: [XSIM 43-4100] "C:/Users/titi7/Desktop/keysights/project_ascon/project_ascon.srcs/sources_1/imports/RTL/register_w_en.sv" Line 3. Module register_w_en(nb_bits_g=128) has a timescale but at least one module in design doesn't have timescale.
WARNING: [XSIM 43-4100] "C:/Users/titi7/Desktop/keysights/project_ascon/project_ascon.srcs/sources_1/new/fsm_top.sv" Line 23. Module fsm_top has a timescale but at least one module in design doesn't have timescale.
WARNING: [XSIM 43-4100] "C:/Users/titi7/Desktop/keysights/project_ascon/project_ascon.gen/sources_1/ip/clk_wiz_0/clk_wiz_0.v" Line 65. Module clk_wiz_0 has a timescale but at least one module in design doesn't have timescale.
WARNING: [XSIM 43-4100] "C:/Users/titi7/Desktop/keysights/project_ascon/project_ascon.gen/sources_1/ip/clk_wiz_0/clk_wiz_0_clk_wiz.v" Line 65. Module clk_wiz_0_clk_wiz has a timescale but at least one module in design doesn't have timescale.
WARNING: [XSIM 43-4100] "/proj/xbuilds/SWIP/2025.1_0521_0003/installs/lin64/2025.1/data/verilog/src/unisims/IBUF.v" Line 29. Module IBUF has a timescale but at least one module in design doesn't have timescale.
WARNING: [XSIM 43-4100] "/proj/xbuilds/SWIP/2025.1_0521_0003/installs/lin64/2025.1/data/verilog/src/unisims/MMCME2_ADV.v" Line 123. Module MMCME2_ADV(CLKFBOUT_MULT_F=10.0,CLKIN1_PERIOD=10.0,CLKOUT0_DIVIDE_F=10.0) has a timescale but at least one module in design doesn't have timescale.
WARNING: [XSIM 43-4100] "/proj/xbuilds/SWIP/2025.1_0521_0003/installs/lin64/2025.1/data/verilog/src/unisims/BUFG.v" Line 27. Module BUFG has a timescale but at least one module in design doesn't have timescale.
WARNING: [XSIM 43-4100] "/proj/xbuilds/SWIP/2025.1_0521_0003/installs/lin64/2025.1/data/verilog/src/unisims/BUFG.v" Line 27. Module BUFG has a timescale but at least one module in design doesn't have timescale.
WARNING: [XSIM 43-4100] "C:/Users/titi7/Desktop/keysights/project_ascon/project_ascon.gen/sources_1/ip/blk_mem_gen_0/sim/blk_mem_gen_0.v" Line 55. Module blk_mem_gen_0 has a timescale but at least one module in design doesn't have timescale.
WARNING: [XSIM 43-4100] "C:/Users/titi7/Desktop/keysights/project_ascon/project_ascon.ip_user_files/ipstatic/simulation/blk_mem_gen_v8_4.v" Line 3457. Module blk_mem_gen_v8_4_9(C_FAMILY="zynq",C_XDEVICEFAMILY="zynq",C_ELABORATION_DIR="./",C_AXI_TYPE=1,C_MEM_TYPE=3,C_PRIM_TYPE=1,C_LOAD_INIT_FILE=1,C_INIT_FILE_NAME="blk_mem_gen_0.mif",C_INIT_FILE="blk_mem_gen_0.mem",C_HAS_ENA=0,C_WRITE_WIDTH_A=64,C_READ_WIDTH_A=64,C_WRITE_DEPTH_A=4,C_READ_DEPTH_A=4,C_ADDRA_WIDTH=2,C_INITB_VAL="0",C_HAS_ENB=0,C_WRITE_WIDTH_B=64,C_READ_WIDTH_B=64,C_WRITE_DEPTH_B=4,C_READ_DEPTH_B=4,C_ADDRB_WIDTH=2,C_SIM_COLLISION_CHECK="ALL",C_COMMON_CLK=0,C_COUNT_36K_BRAM="1",C_COUNT_18K_BRAM="0",C_EST_POWER_SUMMARY="Estimated_Power_for_IP_____:_____6.370399_mW") has a timescale but at least one module in design doesn't have timescale.
WARNING: [XSIM 43-4100] "C:/Users/titi7/Desktop/keysights/project_ascon/project_ascon.ip_user_files/ipstatic/simulation/blk_mem_gen_v8_4.v" Line 1996. Module blk_mem_gen_v8_4_9_mem_module(C_FAMILY="zynq",C_XDEVICEFAMILY="zynq",C_MEM_TYPE=3,C_PRIM_TYPE=1,C_LOAD_INIT_FILE=1,C_INIT_FILE_NAME="blk_mem_gen_0.mif",C_INIT_FILE="blk_mem_gen_0.mem",C_HAS_ENA=0,C_WRITE_WIDTH_A=64,C_READ_WIDTH_A=64,C_WRITE_DEPTH_A=4,C_READ_DEPTH_A=4,C_ADDRA_WIDTH=2,C_INITB_VAL="0",C_HAS_ENB=0,C_WRITE_WIDTH_B=64,C_READ_WIDTH_B=64,C_WRITE_DEPTH_B=4,C_READ_DEPTH_B=4,C_ADDRB_WIDTH=2,C_SIM_COLLISION_CHECK="ALL",C_COMMON_CLK=0) has a timescale but at least one module in design doesn't have timescale.
WARNING: [XSIM 43-4100] "C:/Users/titi7/Desktop/keysights/project_ascon/project_ascon.ip_user_files/ipstatic/simulation/blk_mem_gen_v8_4.v" Line 1608. Module blk_mem_gen_v8_4_9_output_stage(C_FAMILY="zynq",C_XDEVICEFAMILY="zynq",C_DATA_WIDTH=64,C_ADDRB_WIDTH=2,NUM_STAGES=0) has a timescale but at least one module in design doesn't have timescale.
WARNING: [XSIM 43-4100] "C:/Users/titi7/Desktop/keysights/project_ascon/project_ascon.ip_user_files/ipstatic/simulation/blk_mem_gen_v8_4.v" Line 1608. Module blk_mem_gen_v8_4_9_output_stage(C_FAMILY="zynq",C_XDEVICEFAMILY="zynq",C_DATA_WIDTH=64,C_ADDRB_WIDTH=2,NUM_STAGES=0) has a timescale but at least one module in design doesn't have timescale.
WARNING: [XSIM 43-4100] "C:/Users/titi7/Desktop/keysights/project_ascon/project_ascon.ip_user_files/ipstatic/simulation/blk_mem_gen_v8_4.v" Line 1904. Module blk_mem_gen_v8_4_9_softecc_output_reg_stage(C_DATA_WIDTH=64,C_ADDRB_WIDTH=2) has a timescale but at least one module in design doesn't have timescale.
WARNING: [XSIM 43-4100] "C:/Users/titi7/Desktop/keysights/project_ascon/project_ascon.srcs/sim_1/new/top_ascon_tb_2.sv" Line 23. Module top_ascon_tb_2 has a timescale but at least one module in design doesn't have timescale.
WARNING: [XSIM 43-4100] "C:/Users/titi7/Desktop/keysights/project_ascon/project_ascon.srcs/sources_1/new/top_ascon.sv" Line 23. Module top_ascon has a timescale but at least one module in design doesn't have timescale.
WARNING: [XSIM 43-4100] "C:/Users/titi7/Desktop/keysights/project_ascon/project_ascon.srcs/sources_1/imports/RTL/ascon.sv" Line 5. Module ascon has a timescale but at least one module in design doesn't have timescale.
WARNING: [XSIM 43-4100] "C:/Users/titi7/Desktop/keysights/project_ascon/project_ascon.srcs/sources_1/imports/RTL/fsm_moore.sv" Line 4. Module fsm_moore has a timescale but at least one module in design doesn't have timescale.
WARNING: [XSIM 43-4100] "C:/Users/titi7/Desktop/keysights/project_ascon/project_ascon.srcs/sources_1/imports/RTL/compteur_double_init.sv" Line 4. Module compteur_double_init has a timescale but at least one module in design doesn't have timescale.
WARNING: [XSIM 43-4100] "C:/Users/titi7/Desktop/keysights/project_ascon/project_ascon.srcs/sources_1/imports/RTL/mux_state.sv" Line 3. Module mux_state has a timescale but at least one module in design doesn't have timescale.
WARNING: [XSIM 43-4100] "C:/Users/titi7/Desktop/keysights/project_ascon/project_ascon.srcs/sources_1/imports/RTL/xor_begin_perm.sv" Line 3. Module xor_begin_perm has a timescale but at least one module in design doesn't have timescale.
WARNING: [XSIM 43-4100] "C:/Users/titi7/Desktop/keysights/project_ascon/project_ascon.srcs/sources_1/imports/RTL/register_w_en.sv" Line 3. Module register_w_en(nb_bits_g=64) has a timescale but at least one module in design doesn't have timescale.
WARNING: [XSIM 43-4100] "C:/Users/titi7/Desktop/keysights/project_ascon/project_ascon.srcs/sources_1/imports/RTL/xor_end_perm.sv" Line 3. Module xor_end_perm has a timescale but at least one module in design doesn't have timescale.
WARNING: [XSIM 43-4100] "C:/Users/titi7/Desktop/keysights/project_ascon/project_ascon.srcs/sources_1/imports/RTL/state_register_w_en.sv" Line 4. Module state_register_w_en has a timescale but at least one module in design doesn't have timescale.
WARNING: [XSIM 43-4100] "C:/Users/titi7/Desktop/keysights/project_ascon/project_ascon.srcs/sources_1/imports/RTL/register_w_en.sv" Line 3. Module register_w_en(nb_bits_g=128) has a timescale but at least one module in design doesn't have timescale.
WARNING: [XSIM 43-4100] "C:/Users/titi7/Desktop/keysights/project_ascon/project_ascon.srcs/sources_1/new/fsm_top.sv" Line 23. Module fsm_top has a timescale but at least one module in design doesn't have timescale.
WARNING: [XSIM 43-4100] "C:/Users/titi7/Desktop/keysights/project_ascon/project_ascon.gen/sources_1/ip/clk_wiz_0/clk_wiz_0.v" Line 65. Module clk_wiz_0 has a timescale but at least one module in design doesn't have timescale.
WARNING: [XSIM 43-4100] "C:/Users/titi7/Desktop/keysights/project_ascon/project_ascon.gen/sources_1/ip/clk_wiz_0/clk_wiz_0_clk_wiz.v" Line 65. Module clk_wiz_0_clk_wiz has a timescale but at least one module in design doesn't have timescale.
WARNING: [XSIM 43-4100] "/proj/xbuilds/SWIP/2025.1_0521_0003/installs/lin64/2025.1/data/verilog/src/unisims/IBUF.v" Line 29. Module IBUF has a timescale but at least one module in design doesn't have timescale.
WARNING: [XSIM 43-4100] "/proj/xbuilds/SWIP/2025.1_0521_0003/installs/lin64/2025.1/data/verilog/src/unisims/MMCME2_ADV.v" Line 123. Module MMCME2_ADV(CLKFBOUT_MULT_F=10.0,CLKIN1_PERIOD=10.0,CLKOUT0_DIVIDE_F=10.0) has a timescale but at least one module in design doesn't have timescale.
WARNING: [XSIM 43-4100] "/proj/xbuilds/SWIP/2025.1_0521_0003/installs/lin64/2025.1/data/verilog/src/unisims/BUFG.v" Line 27. Module BUFG has a timescale but at least one module in design doesn't have timescale.
WARNING: [XSIM 43-4100] "/proj/xbuilds/SWIP/2025.1_0521_0003/installs/lin64/2025.1/data/verilog/src/unisims/BUFG.v" Line 27. Module BUFG has a timescale but at least one module in design doesn't have timescale.
WARNING: [XSIM 43-4100] "C:/Users/titi7/Desktop/keysights/project_ascon/project_ascon.gen/sources_1/ip/blk_mem_gen_0/sim/blk_mem_gen_0.v" Line 55. Module blk_mem_gen_0 has a timescale but at least one module in design doesn't have timescale.
WARNING: [XSIM 43-4100] "C:/Users/titi7/Desktop/keysights/project_ascon/project_ascon.ip_user_files/ipstatic/simulation/blk_mem_gen_v8_4.v" Line 3457. Module blk_mem_gen_v8_4_9(C_FAMILY="zynq",C_XDEVICEFAMILY="zynq",C_ELABORATION_DIR="./",C_AXI_TYPE=1,C_MEM_TYPE=3,C_PRIM_TYPE=1,C_LOAD_INIT_FILE=1,C_INIT_FILE_NAME="blk_mem_gen_0.mif",C_INIT_FILE="blk_mem_gen_0.mem",C_HAS_ENA=0,C_WRITE_WIDTH_A=64,C_READ_WIDTH_A=64,C_WRITE_DEPTH_A=4,C_READ_DEPTH_A=4,C_ADDRA_WIDTH=2,C_INITB_VAL="0",C_HAS_ENB=0,C_WRITE_WIDTH_B=64,C_READ_WIDTH_B=64,C_WRITE_DEPTH_B=4,C_READ_DEPTH_B=4,C_ADDRB_WIDTH=2,C_SIM_COLLISION_CHECK="ALL",C_COMMON_CLK=0,C_COUNT_36K_BRAM="1",C_COUNT_18K_BRAM="0",C_EST_POWER_SUMMARY="Estimated_Power_for_IP_____:_____6.370399_mW") has a timescale but at least one module in design doesn't have timescale.
WARNING: [XSIM 43-4100] "C:/Users/titi7/Desktop/keysights/project_ascon/project_ascon.ip_user_files/ipstatic/simulation/blk_mem_gen_v8_4.v" Line 1996. Module blk_mem_gen_v8_4_9_mem_module(C_FAMILY="zynq",C_XDEVICEFAMILY="zynq",C_MEM_TYPE=3,C_PRIM_TYPE=1,C_LOAD_INIT_FILE=1,C_INIT_FILE_NAME="blk_mem_gen_0.mif",C_INIT_FILE="blk_mem_gen_0.mem",C_HAS_ENA=0,C_WRITE_WIDTH_A=64,C_READ_WIDTH_A=64,C_WRITE_DEPTH_A=4,C_READ_DEPTH_A=4,C_ADDRA_WIDTH=2,C_INITB_VAL="0",C_HAS_ENB=0,C_WRITE_WIDTH_B=64,C_READ_WIDTH_B=64,C_WRITE_DEPTH_B=4,C_READ_DEPTH_B=4,C_ADDRB_WIDTH=2,C_SIM_COLLISION_CHECK="ALL",C_COMMON_CLK=0) has a timescale but at least one module in design doesn't have timescale.
WARNING: [XSIM 43-4100] "C:/Users/titi7/Desktop/keysights/project_ascon/project_ascon.ip_user_files/ipstatic/simulation/blk_mem_gen_v8_4.v" Line 3457. Module blk_mem_gen_v8_4_9 has a timescale but at least one module in design doesn't have timescale.
WARNING: [XSIM 43-4100] "C:/Users/titi7/Desktop/keysights/project_ascon/project_ascon.ip_user_files/ipstatic/simulation/blk_mem_gen_v8_4.v" Line 3457. Module blk_mem_gen_v8_4_9(C_FAMILY="zynq",C_XDEVICEFAMILY="zynq",C_ELABORATION_DIR="./",C_AXI_TYPE=1,C_MEM_TYPE=3,C_PRIM_TYPE=1,C_LOAD_INIT_FILE=1,C_INIT_FILE_NAME="blk_mem_gen_0.mif",C_INIT_FILE="blk_mem_gen_0.mem",C_HAS_ENA=0,C_WRITE_WIDTH_A=64,C_READ_WIDTH_A=64,C_WRITE_DEPTH_A=4,C_READ_DEPTH_A=4,C_ADDRA_WIDTH=2,C_INITB_VAL="0",C_HAS_ENB=0,C_WRITE_WIDTH_B=64,C_READ_WIDTH_B=64,C_WRITE_DEPTH_B=4,C_READ_DEPTH_B=4,C_ADDRB_WIDTH=2,C_SIM_COLLISION_CHECK="ALL",C_COMMON_CLK=0,C_COUNT_36K_BRAM="1",C_COUNT_18K_BRAM="0",C_EST_POWER_SUMMARY="Estimated_Power_for_IP_____:_____6.370399_mW") has a timescale but at least one module in design doesn't have timescale.
WARNING: [XSIM 43-4100] "C:/Users/titi7/Desktop/keysights/project_ascon/project_ascon.ip_user_files/ipstatic/simulation/blk_mem_gen_v8_4.v" Line 3457. Module blk_mem_gen_v8_4_9 has a timescale but at least one module in design doesn't have timescale.
WARNING: [XSIM 43-4100] "C:/Users/titi7/Desktop/keysights/project_ascon/project_ascon.ip_user_files/ipstatic/simulation/blk_mem_gen_v8_4.v" Line 3457. Module blk_mem_gen_v8_4_9(C_FAMILY="zynq",C_XDEVICEFAMILY="zynq",C_ELABORATION_DIR="./",C_AXI_TYPE=1,C_MEM_TYPE=3,C_PRIM_TYPE=1,C_LOAD_INIT_FILE=1,C_INIT_FILE_NAME="blk_mem_gen_0.mif",C_INIT_FILE="blk_mem_gen_0.mem",C_HAS_ENA=0,C_WRITE_WIDTH_A=64,C_READ_WIDTH_A=64,C_WRITE_DEPTH_A=4,C_READ_DEPTH_A=4,C_ADDRA_WIDTH=2,C_INITB_VAL="0",C_HAS_ENB=0,C_WRITE_WIDTH_B=64,C_READ_WIDTH_B=64,C_WRITE_DEPTH_B=4,C_READ_DEPTH_B=4,C_ADDRB_WIDTH=2,C_SIM_COLLISION_CHECK="ALL",C_COMMON_CLK=0,C_COUNT_36K_BRAM="1",C_COUNT_18K_BRAM="0",C_EST_POWER_SUMMARY="Estimated_Power_for_IP_____:_____6.370399_mW") has a timescale but at least one module in design doesn't have timescale.
WARNING: [XSIM 43-4100] "C:/Users/titi7/Desktop/keysights/project_ascon/project_ascon.ip_user_files/ipstatic/simulation/blk_mem_gen_v8_4.v" Line 3457. Module blk_mem_gen_v8_4_9 has a timescale but at least one module in design doesn't have timescale.
WARNING: [XSIM 43-4100] "C:/Users/titi7/Desktop/keysights/project_ascon/project_ascon.ip_user_files/ipstatic/simulation/blk_mem_gen_v8_4.v" Line 3457. Module blk_mem_gen_v8_4_9(C_FAMILY="zynq",C_XDEVICEFAMILY="zynq",C_ELABORATION_DIR="./",C_AXI_TYPE=1,C_MEM_TYPE=3,C_PRIM_TYPE=1,C_LOAD_INIT_FILE=1,C_INIT_FILE_NAME="blk_mem_gen_0.mif",C_INIT_FILE="blk_mem_gen_0.mem",C_HAS_ENA=0,C_WRITE_WIDTH_A=64,C_READ_WIDTH_A=64,C_WRITE_DEPTH_A=4,C_READ_DEPTH_A=4,C_ADDRA_WIDTH=2,C_INITB_VAL="0",C_HAS_ENB=0,C_WRITE_WIDTH_B=64,C_READ_WIDTH_B=64,C_WRITE_DEPTH_B=4,C_READ_DEPTH_B=4,C_ADDRB_WIDTH=2,C_SIM_COLLISION_CHECK="ALL",C_COMMON_CLK=0,C_COUNT_36K_BRAM="1",C_COUNT_18K_BRAM="0",C_EST_POWER_SUMMARY="Estimated_Power_for_IP_____:_____6.370399_mW") has a timescale but at least one module in design doesn't have timescale.
WARNING: [XSIM 43-4100] "C:/Users/titi7/Desktop/keysights/project_ascon/project_ascon.ip_user_files/ipstatic/simulation/blk_mem_gen_v8_4.v" Line 3457. Module blk_mem_gen_v8_4_9 has a timescale but at least one module in design doesn't have timescale.
WARNING: [XSIM 43-4100] "C:/Users/titi7/Desktop/keysights/project_ascon/project_ascon.ip_user_files/ipstatic/simulation/blk_mem_gen_v8_4.v" Line 3457. Module blk_mem_gen_v8_4_9(C_FAMILY="zynq",C_XDEVICEFAMILY="zynq",C_ELABORATION_DIR="./",C_AXI_TYPE=1,C_MEM_TYPE=3,C_PRIM_TYPE=1,C_LOAD_INIT_FILE=1,C_INIT_FILE_NAME="blk_mem_gen_0.mif",C_INIT_FILE="blk_mem_gen_0.mem",C_HAS_ENA=0,C_WRITE_WIDTH_A=64,C_READ_WIDTH_A=64,C_WRITE_DEPTH_A=4,C_READ_DEPTH_A=4,C_ADDRA_WIDTH=2,C_INITB_VAL="0",C_HAS_ENB=0,C_WRITE_WIDTH_B=64,C_READ_WIDTH_B=64,C_WRITE_DEPTH_B=4,C_READ_DEPTH_B=4,C_ADDRB_WIDTH=2,C_SIM_COLLISION_CHECK="ALL",C_COMMON_CLK=0,C_COUNT_36K_BRAM="1",C_COUNT_18K_BRAM="0",C_EST_POWER_SUMMARY="Estimated_Power_for_IP_____:_____6.370399_mW") has a timescale but at least one module in design doesn't have timescale.
WARNING: [XSIM 43-4100] "C:/Users/titi7/Desktop/keysights/project_ascon/project_ascon.ip_user_files/ipstatic/simulation/blk_mem_gen_v8_4.v" Line 3457. Module blk_mem_gen_v8_4_9 has a timescale but at least one module in design doesn't have timescale.
WARNING: [XSIM 43-4100] "C:/Users/titi7/Desktop/keysights/project_ascon/project_ascon.ip_user_files/ipstatic/simulation/blk_mem_gen_v8_4.v" Line 3457. Module blk_mem_gen_v8_4_9(C_FAMILY="zynq",C_XDEVICEFAMILY="zynq",C_ELABORATION_DIR="./",C_AXI_TYPE=1,C_MEM_TYPE=3,C_PRIM_TYPE=1,C_LOAD_INIT_FILE=1,C_INIT_FILE_NAME="blk_mem_gen_0.mif",C_INIT_FILE="blk_mem_gen_0.mem",C_HAS_ENA=0,C_WRITE_WIDTH_A=64,C_READ_WIDTH_A=64,C_WRITE_DEPTH_A=4,C_READ_DEPTH_A=4,C_ADDRA_WIDTH=2,C_INITB_VAL="0",C_HAS_ENB=0,C_WRITE_WIDTH_B=64,C_READ_WIDTH_B=64,C_WRITE_DEPTH_B=4,C_READ_DEPTH_B=4,C_ADDRB_WIDTH=2,C_SIM_COLLISION_CHECK="ALL",C_COMMON_CLK=0,C_COUNT_36K_BRAM="1",C_COUNT_18K_BRAM="0",C_EST_POWER_SUMMARY="Estimated_Power_for_IP_____:_____6.370399_mW") has a timescale but at least one module in design doesn't have timescale.
WARNING: [XSIM 43-4100] "C:/Users/titi7/Desktop/keysights/project_ascon/project_ascon.ip_user_files/ipstatic/simulation/blk_mem_gen_v8_4.v" Line 3457. Module blk_mem_gen_v8_4_9 has a timescale but at least one module in design doesn't have timescale.
WARNING: [XSIM 43-4100] "C:/Users/titi7/Desktop/keysights/project_ascon/project_ascon.ip_user_files/ipstatic/simulation/blk_mem_gen_v8_4.v" Line 3457. Module blk_mem_gen_v8_4_9(C_FAMILY="zynq",C_XDEVICEFAMILY="zynq",C_ELABORATION_DIR="./",C_AXI_TYPE=1,C_MEM_TYPE=3,C_PRIM_TYPE=1,C_LOAD_INIT_FILE=1,C_INIT_FILE_NAME="blk_mem_gen_0.mif",C_INIT_FILE="blk_mem_gen_0.mem",C_HAS_ENA=0,C_WRITE_WIDTH_A=64,C_READ_WIDTH_A=64,C_WRITE_DEPTH_A=4,C_READ_DEPTH_A=4,C_ADDRA_WIDTH=2,C_INITB_VAL="0",C_HAS_ENB=0,C_WRITE_WIDTH_B=64,C_READ_WIDTH_B=64,C_WRITE_DEPTH_B=4,C_READ_DEPTH_B=4,C_ADDRB_WIDTH=2,C_SIM_COLLISION_CHECK="ALL",C_COMMON_CLK=0,C_COUNT_36K_BRAM="1",C_COUNT_18K_BRAM="0",C_EST_POWER_SUMMARY="Estimated_Power_for_IP_____:_____6.370399_mW") has a timescale but at least one module in design doesn't have timescale.
WARNING: [XSIM 43-4100] "C:/Users/titi7/Desktop/keysights/project_ascon/project_ascon.ip_user_files/ipstatic/simulation/blk_mem_gen_v8_4.v" Line 1608. Module blk_mem_gen_v8_4_9_output_stage(C_FAMILY="zynq",C_XDEVICEFAMILY="zynq",C_DATA_WIDTH=64,C_ADDRB_WIDTH=2,NUM_STAGES=0) has a timescale but at least one module in design doesn't have timescale.
WARNING: [XSIM 43-4100] "C:/Users/titi7/Desktop/keysights/project_ascon/project_ascon.ip_user_files/ipstatic/simulation/blk_mem_gen_v8_4.v" Line 1608. Module blk_mem_gen_v8_4_9_output_stage(C_FAMILY="zynq",C_XDEVICEFAMILY="zynq",C_DATA_WIDTH=64,C_ADDRB_WIDTH=2,NUM_STAGES=0) has a timescale but at least one module in design doesn't have timescale.
WARNING: [XSIM 43-4100] "C:/Users/titi7/Desktop/keysights/project_ascon/project_ascon.ip_user_files/ipstatic/simulation/blk_mem_gen_v8_4.v" Line 1904. Module blk_mem_gen_v8_4_9_softecc_output_reg_stage(C_DATA_WIDTH=64,C_ADDRB_WIDTH=2) has a timescale but at least one module in design doesn't have timescale.
WARNING: [XSIM 43-4100] "C:/Users/titi7/Desktop/keysights/project_ascon/project_ascon.sim/sim_1/behav/xsim/glbl.v" Line 6. Module glbl has a timescale but at least one module in design doesn't have timescale.
WARNING: [XSIM 43-4100] "C:/Users/titi7/Desktop/keysights/project_ascon/project_ascon.sim/sim_1/behav/xsim/glbl.v" Line 6. Module glbl has a timescale but at least one module in design doesn't have timescale.
Completed simulation data flow analysis
Time Resolution for simulation is 1ps
Compiling package xil_defaultlib.ascon_pack
Compiling module xil_defaultlib.fsm_moore
Compiling module xil_defaultlib.compteur_double_init
Compiling module xil_defaultlib.mux_state
Compiling module xil_defaultlib.xor_begin_perm
Compiling module xil_defaultlib.register_w_en(nb_bits_g=64)
Compiling module xil_defaultlib.Pc
Compiling module xil_defaultlib.sbox
Compiling module xil_defaultlib.Ps_default
Compiling module xil_defaultlib.Pl
Compiling module xil_defaultlib.xor_end_perm
Compiling module xil_defaultlib.state_register_w_en
Compiling module xil_defaultlib.register_w_en(nb_bits_g=128)
Compiling module xil_defaultlib.Permutation
Compiling module xil_defaultlib.ascon
Compiling module xil_defaultlib.fsm_top
Compiling module unisims_ver.IBUF
Compiling module unisims_ver.MMCME2_ADV(CLKFBOUT_MULT_F=10.0,...
Compiling module unisims_ver.BUFG
Compiling module xil_defaultlib.clk_wiz_0_clk_wiz
Compiling module xil_defaultlib.clk_wiz_0
Compiling module blk_mem_gen_v8_4_9.blk_mem_gen_v8_4_9_output_stage(...
Compiling module blk_mem_gen_v8_4_9.blk_mem_gen_v8_4_9_softecc_outpu...
Compiling module blk_mem_gen_v8_4_9.blk_mem_gen_v8_4_9_mem_module(C_...
Compiling module blk_mem_gen_v8_4_9.blk_mem_gen_v8_4_9(C_FAMILY="zyn...
Compiling module xil_defaultlib.blk_mem_gen_0
Compiling module xil_defaultlib.top_ascon
Compiling module xil_defaultlib.top_ascon_tb_2
Compiling module xil_defaultlib.glbl
Built simulation snapshot top_ascon_tb_2_behav
