INFO: [VRFC 10-2263] Analyzing Verilog file "C:/Users/titi7/Desktop/keysights/project_ascon/project_ascon.ip_user_files/ipstatic/simulation/blk_mem_gen_v8_4.v" into library blk_mem_gen_v8_4_9
INFO: [VRFC 10-311] analyzing module STATE_LOGIC_v8_4
INFO: [VRFC 10-311] analyzing module beh_vlog_muxf7_v8_4
INFO: [VRFC 10-311] analyzing module beh_vlog_ff_clr_v8_4
INFO: [VRFC 10-311] analyzing module beh_vlog_ff_pre_v8_4
INFO: [VRFC 10-311] analyzing module beh_vlog_ff_ce_clr_v8_4
INFO: [VRFC 10-311] analyzing module write_netlist_v8_4
INFO: [VRFC 10-311] analyzing module read_netlist_v8_4
INFO: [VRFC 10-311] analyzing module blk_mem_axi_write_wrapper_beh_v8_4
INFO: [VRFC 10-311] analyzing module blk_mem_axi_read_wrapper_beh_v8_4
INFO: [VRFC 10-311] analyzing module blk_mem_axi_regs_fwd_v8_4
INFO: [VRFC 10-311] analyzing module blk_mem_gen_v8_4_9_output_stage
INFO: [VRFC 10-311] analyzing module blk_mem_gen_v8_4_9_softecc_output_reg_stage
INFO: [VRFC 10-311] analyzing module blk_mem_gen_v8_4_9_mem_module
INFO: [VRFC 10-311] analyzing module blk_mem_gen_v8_4_9
INFO: [VRFC 10-2263] Analyzing SystemVerilog file "C:/Users/titi7/Desktop/keysights/project_ascon/project_ascon.srcs/sources_1/imports/RTL/ascon_pack.sv" into library xil_defaultlib
INFO: [VRFC 10-2263] Analyzing SystemVerilog file "C:/Users/titi7/Desktop/keysights/project_ascon/project_ascon.srcs/sources_1/imports/RTL/Pc.sv" into library xil_defaultlib
INFO: [VRFC 10-311] analyzing module Pc
INFO: [VRFC 10-2263] Analyzing SystemVerilog file "C:/Users/titi7/Desktop/keysights/project_ascon/project_ascon.srcs/sources_1/imports/RTL/Permutation.sv" into library xil_defaultlib
INFO: [VRFC 10-311] analyzing module Permutation
INFO: [VRFC 10-2263] Analyzing SystemVerilog file "C:/Users/titi7/Desktop/keysights/project_ascon/project_ascon.srcs/sources_1/imports/RTL/Pl.sv" into library xil_defaultlib
INFO: [VRFC 10-311] analyzing module Pl
INFO: [VRFC 10-2263] Analyzing SystemVerilog file "C:/Users/titi7/Desktop/keysights/project_ascon/project_ascon.srcs/sources_1/imports/RTL/Ps.sv" into library xil_defaultlib
INFO: [VRFC 10-311] analyzing module Ps
INFO: [VRFC 10-2263] Analyzing SystemVerilog file "C:/Users/titi7/Desktop/keysights/project_ascon/project_ascon.srcs/sources_1/imports/RTL/Sbox.sv" into library xil_defaultlib
INFO: [VRFC 10-311] analyzing module sbox
INFO: [VRFC 10-2263] Analyzing SystemVerilog file "C:/Users/titi7/Desktop/keysights/project_ascon/project_ascon.srcs/sources_1/imports/RTL/ascon.sv" into library xil_defaultlib
INFO: [VRFC 10-311] analyzing module ascon
INFO: [VRFC 10-2263] Analyzing SystemVerilog file "C:/Users/titi7/Desktop/keysights/project_ascon/project_ascon.srcs/sources_1/imports/RTL/compteur_double_init.sv" into library xil_defaultlib
INFO: [VRFC 10-311] analyzing module compteur_double_init
INFO: [VRFC 10-2263] Analyzing SystemVerilog file "C:/Users/titi7/Desktop/keysights/project_ascon/project_ascon.srcs/sources_1/imports/RTL/fsm_moore.sv" into library xil_defaultlib
INFO: [VRFC 10-311] analyzing module fsm_moore
INFO: [VRFC 10-2263] Analyzing SystemVerilog file "C:/Users/titi7/Desktop/keysights/project_ascon/project_ascon.srcs/sources_1/new/fsm_top.sv" into library xil_defaultlib
INFO: [VRFC 10-311] analyzing module fsm_top
INFO: [VRFC 10-2263] Analyzing SystemVerilog file "C:/Users/titi7/Desktop/keysights/project_ascon/project_ascon.srcs/sources_1/imports/RTL/mux_state.sv" into library xil_defaultlib
INFO: [VRFC 10-311] analyzing module mux_state
INFO: [VRFC 10-2263] Analyzing SystemVerilog file "C:/Users/titi7/Desktop/keysights/project_ascon/project_ascon.srcs/sources_1/imports/RTL/register_w_en.sv" into library xil_defaultlib
INFO: [VRFC 10-311] analyzing module register_w_en
INFO: [VRFC 10-2263] Analyzing SystemVerilog file "C:/Users/titi7/Desktop/keysights/project_ascon/project_ascon.srcs/sources_1/imports/RTL/state_register_w_en.sv" into library xil_defaultlib
INFO: [VRFC 10-311] analyzing module state_register_w_en
INFO: [VRFC 10-2263] Analyzing SystemVerilog file "C:/Users/titi7/Desktop/keysights/project_ascon/project_ascon.srcs/sources_1/new/top_ascon.sv" into library xil_defaultlib
INFO: [VRFC 10-311] analyzing module top_ascon
INFO: [VRFC 10-2263] Analyzing SystemVerilog file "C:/Users/titi7/Desktop/keysights/project_ascon/project_ascon.srcs/sources_1/imports/RTL/xor_begin_perm.sv" into library xil_defaultlib
INFO: [VRFC 10-311] analyzing module xor_begin_perm
INFO: [VRFC 10-2263] Analyzing SystemVerilog file "C:/Users/titi7/Desktop/keysights/project_ascon/project_ascon.srcs/sources_1/imports/RTL/xor_end_perm.sv" into library xil_defaultlib
INFO: [VRFC 10-311] analyzing module xor_end_perm
INFO: [VRFC 10-2263] Analyzing SystemVerilog file "C:/Users/titi7/Desktop/keysights/project_ascon/project_ascon.srcs/sim_1/new/top_ascon_tb_2.sv" into library xil_defaultlib
INFO: [VRFC 10-311] analyzing module top_ascon_tb_2
