
*** Running vivado
    with args -log top_ascon.vds -m64 -product Vivado -mode batch -messageDb vivado.pb -notrace -source top_ascon.tcl



****** Vivado v2025.1 (64-bit)
  **** SW Build 6140274 on Thu May 22 00:12:29 MDT 2025
  **** IP Build 6138677 on Thu May 22 03:10:11 MDT 2025
  **** SharedData Build 6139179 on Tue May 20 17:58:58 MDT 2025
  **** Start of session at: Wed Apr  1 15:48:28 2026
    ** Copyright 1986-2022 Xilinx, Inc. All Rights Reserved.
    ** Copyright 2022-2025 Advanced Micro Devices, Inc. All Rights Reserved.

source top_ascon.tcl -notrace
create_project: Time (s): cpu = 00:00:06 ; elapsed = 00:00:05 . Memory (MB): peak = 490.473 ; gain = 211.250
Command: read_checkpoint -auto_incremental -incremental C:/Users/titi7/Desktop/keysights/project_ascon/project_ascon.srcs/utils_1/imports/synth_1/ascon.dcp
INFO: [Vivado 12-5825] Read reference checkpoint from C:/Users/titi7/Desktop/keysights/project_ascon/project_ascon.srcs/utils_1/imports/synth_1/ascon.dcp for incremental synthesis
INFO: [Vivado 12-7989] Please ensure there are no constraint changes
Command: synth_design -top top_ascon -part xc7z020clg484-1
Starting synth_design
WARNING: [Vivado_Tcl 4-393] The 'Synthesis' target of the following IPs are stale, please generate the output products using the generate_target or synth_ip command before running synth_design.
C:/Users/titi7/Desktop/keysights/project_ascon/project_ascon.srcs/sources_1/ip/blk_mem_gen_0/blk_mem_gen_0.xci

INFO: [IP_Flow 19-2162] IP 'clk_wiz_0' is locked:
* IP definition 'Clocking Wizard (6.0)' for IP 'clk_wiz_0' (customized with software release 2024.2) has a different revision in the IP Catalog.
INFO: [IP_Flow 19-2162] IP 'blk_mem_gen_0' is locked:
* IP definition 'Block Memory Generator (8.4)' for IP 'blk_mem_gen_0' (customized with software release 2024.2) has a different revision in the IP Catalog.
Attempting to get a license for feature 'Synthesis' and/or device 'xc7z020'
INFO: [Common 17-349] Got license for feature 'Synthesis' and/or device 'xc7z020'
WARNING: [Vivado_Tcl 4-1809] The reference checkpoint is from an old version of Vivado; A full resynthesis flow will be run
INFO: [Device 21-403] Loading part xc7z020clg484-1
INFO: [Designutils 20-5440] No compile time benefit to using incremental synthesis; A full resynthesis will be run
INFO: [Designutils 20-4379] Flow is switching to default flow due to incremental criteria not met. If you would like to alter this behaviour and have the flow terminate instead, please set the following parameter config_implementation {autoIncr.Synth.RejectBehavior Terminate}
INFO: [Synth 8-7079] Multithreading enabled for synth_design using a maximum of 2 processes.
INFO: [Synth 8-7078] Launching helper process for spawning children vivado processes
INFO: [Synth 8-7075] Helper process launched with PID 1996
---------------------------------------------------------------------------------
Starting RTL Elaboration : Time (s): cpu = 00:00:04 ; elapsed = 00:00:05 . Memory (MB): peak = 1264.922 ; gain = 494.449
---------------------------------------------------------------------------------
INFO: [Synth 8-6157] synthesizing module 'top_ascon' [C:/Users/titi7/Desktop/keysights/project_ascon/project_ascon.srcs/sources_1/new/top_ascon.sv:23]
INFO: [Synth 8-6157] synthesizing module 'ascon' [C:/Users/titi7/Desktop/keysights/project_ascon/project_ascon.srcs/sources_1/imports/RTL/ascon.sv:5]
INFO: [Synth 8-6157] synthesizing module 'fsm_moore' [C:/Users/titi7/Desktop/keysights/project_ascon/project_ascon.srcs/sources_1/imports/RTL/fsm_moore.sv:4]
INFO: [Synth 8-6155] done synthesizing module 'fsm_moore' (0#1) [C:/Users/titi7/Desktop/keysights/project_ascon/project_ascon.srcs/sources_1/imports/RTL/fsm_moore.sv:4]
INFO: [Synth 8-6157] synthesizing module 'compteur_double_init' [C:/Users/titi7/Desktop/keysights/project_ascon/project_ascon.srcs/sources_1/imports/RTL/compteur_double_init.sv:4]
INFO: [Synth 8-6155] done synthesizing module 'compteur_double_init' (0#1) [C:/Users/titi7/Desktop/keysights/project_ascon/project_ascon.srcs/sources_1/imports/RTL/compteur_double_init.sv:4]
INFO: [Synth 8-6157] synthesizing module 'Permutation' [C:/Users/titi7/Desktop/keysights/project_ascon/project_ascon.srcs/sources_1/imports/RTL/Permutation.sv:4]
INFO: [Synth 8-6157] synthesizing module 'mux_state' [C:/Users/titi7/Desktop/keysights/project_ascon/project_ascon.srcs/sources_1/imports/RTL/mux_state.sv:3]
INFO: [Synth 8-6155] done synthesizing module 'mux_state' (0#1) [C:/Users/titi7/Desktop/keysights/project_ascon/project_ascon.srcs/sources_1/imports/RTL/mux_state.sv:3]
INFO: [Synth 8-6157] synthesizing module 'xor_begin_perm' [C:/Users/titi7/Desktop/keysights/project_ascon/project_ascon.srcs/sources_1/imports/RTL/xor_begin_perm.sv:3]
INFO: [Synth 8-6155] done synthesizing module 'xor_begin_perm' (0#1) [C:/Users/titi7/Desktop/keysights/project_ascon/project_ascon.srcs/sources_1/imports/RTL/xor_begin_perm.sv:3]
INFO: [Synth 8-6157] synthesizing module 'register_w_en' [C:/Users/titi7/Desktop/keysights/project_ascon/project_ascon.srcs/sources_1/imports/RTL/register_w_en.sv:3]
	Parameter nb_bits_g bound to: 64 - type: integer 
INFO: [Synth 8-6155] done synthesizing module 'register_w_en' (0#1) [C:/Users/titi7/Desktop/keysights/project_ascon/project_ascon.srcs/sources_1/imports/RTL/register_w_en.sv:3]
INFO: [Synth 8-6157] synthesizing module 'Pc' [C:/Users/titi7/Desktop/keysights/project_ascon/project_ascon.srcs/sources_1/imports/RTL/Pc.sv:4]
INFO: [Synth 8-6155] done synthesizing module 'Pc' (0#1) [C:/Users/titi7/Desktop/keysights/project_ascon/project_ascon.srcs/sources_1/imports/RTL/Pc.sv:4]
INFO: [Synth 8-6157] synthesizing module 'Ps' [C:/Users/titi7/Desktop/keysights/project_ascon/project_ascon.srcs/sources_1/imports/RTL/Ps.sv:1]
INFO: [Synth 8-6157] synthesizing module 'sbox' [C:/Users/titi7/Desktop/keysights/project_ascon/project_ascon.srcs/sources_1/imports/RTL/Sbox.sv:1]
INFO: [Synth 8-6155] done synthesizing module 'sbox' (0#1) [C:/Users/titi7/Desktop/keysights/project_ascon/project_ascon.srcs/sources_1/imports/RTL/Sbox.sv:1]
INFO: [Synth 8-6155] done synthesizing module 'Ps' (0#1) [C:/Users/titi7/Desktop/keysights/project_ascon/project_ascon.srcs/sources_1/imports/RTL/Ps.sv:1]
INFO: [Synth 8-6157] synthesizing module 'Pl' [C:/Users/titi7/Desktop/keysights/project_ascon/project_ascon.srcs/sources_1/imports/RTL/Pl.sv:4]
INFO: [Synth 8-6155] done synthesizing module 'Pl' (0#1) [C:/Users/titi7/Desktop/keysights/project_ascon/project_ascon.srcs/sources_1/imports/RTL/Pl.sv:4]
INFO: [Synth 8-6157] synthesizing module 'xor_end_perm' [C:/Users/titi7/Desktop/keysights/project_ascon/project_ascon.srcs/sources_1/imports/RTL/xor_end_perm.sv:3]
INFO: [Synth 8-6155] done synthesizing module 'xor_end_perm' (0#1) [C:/Users/titi7/Desktop/keysights/project_ascon/project_ascon.srcs/sources_1/imports/RTL/xor_end_perm.sv:3]
INFO: [Synth 8-6157] synthesizing module 'state_register_w_en' [C:/Users/titi7/Desktop/keysights/project_ascon/project_ascon.srcs/sources_1/imports/RTL/state_register_w_en.sv:4]
INFO: [Synth 8-6155] done synthesizing module 'state_register_w_en' (0#1) [C:/Users/titi7/Desktop/keysights/project_ascon/project_ascon.srcs/sources_1/imports/RTL/state_register_w_en.sv:4]
INFO: [Synth 8-6157] synthesizing module 'register_w_en__parameterized0' [C:/Users/titi7/Desktop/keysights/project_ascon/project_ascon.srcs/sources_1/imports/RTL/register_w_en.sv:3]
	Parameter nb_bits_g bound to: 128 - type: integer 
INFO: [Synth 8-6155] done synthesizing module 'register_w_en__parameterized0' (0#1) [C:/Users/titi7/Desktop/keysights/project_ascon/project_ascon.srcs/sources_1/imports/RTL/register_w_en.sv:3]
INFO: [Synth 8-6155] done synthesizing module 'Permutation' (0#1) [C:/Users/titi7/Desktop/keysights/project_ascon/project_ascon.srcs/sources_1/imports/RTL/Permutation.sv:4]
INFO: [Synth 8-6155] done synthesizing module 'ascon' (0#1) [C:/Users/titi7/Desktop/keysights/project_ascon/project_ascon.srcs/sources_1/imports/RTL/ascon.sv:5]
INFO: [Synth 8-6157] synthesizing module 'fsm_top' [C:/Users/titi7/Desktop/keysights/project_ascon/project_ascon.srcs/sources_1/new/fsm_top.sv:23]
INFO: [Synth 8-6155] done synthesizing module 'fsm_top' (0#1) [C:/Users/titi7/Desktop/keysights/project_ascon/project_ascon.srcs/sources_1/new/fsm_top.sv:23]
INFO: [Synth 8-6157] synthesizing module 'clk_wiz_0' [C:/Users/titi7/Desktop/keysights/project_ascon/project_ascon.runs/synth_1/.Xil/Vivado-9756-PC-TAU/realtime/clk_wiz_0_stub.v:6]
INFO: [Synth 8-6155] done synthesizing module 'clk_wiz_0' (0#1) [C:/Users/titi7/Desktop/keysights/project_ascon/project_ascon.runs/synth_1/.Xil/Vivado-9756-PC-TAU/realtime/clk_wiz_0_stub.v:6]
INFO: [Synth 8-6157] synthesizing module 'blk_mem_gen_0' [C:/Users/titi7/Desktop/keysights/project_ascon/project_ascon.runs/synth_1/.Xil/Vivado-9756-PC-TAU/realtime/blk_mem_gen_0_stub.v:6]
INFO: [Synth 8-6155] done synthesizing module 'blk_mem_gen_0' (0#1) [C:/Users/titi7/Desktop/keysights/project_ascon/project_ascon.runs/synth_1/.Xil/Vivado-9756-PC-TAU/realtime/blk_mem_gen_0_stub.v:6]
INFO: [Synth 8-6155] done synthesizing module 'top_ascon' (0#1) [C:/Users/titi7/Desktop/keysights/project_ascon/project_ascon.srcs/sources_1/new/top_ascon.sv:23]
WARNING: [Synth 8-7129] Port cipher_valid_i in module fsm_top is either unconnected or has no load
---------------------------------------------------------------------------------
Finished RTL Elaboration : Time (s): cpu = 00:00:06 ; elapsed = 00:00:07 . Memory (MB): peak = 1381.598 ; gain = 611.125
---------------------------------------------------------------------------------
---------------------------------------------------------------------------------
Start Handling Custom Attributes
---------------------------------------------------------------------------------
---------------------------------------------------------------------------------
Finished Handling Custom Attributes : Time (s): cpu = 00:00:06 ; elapsed = 00:00:07 . Memory (MB): peak = 1381.598 ; gain = 611.125
---------------------------------------------------------------------------------
---------------------------------------------------------------------------------
Finished RTL Optimization Phase 1 : Time (s): cpu = 00:00:06 ; elapsed = 00:00:07 . Memory (MB): peak = 1381.598 ; gain = 611.125
---------------------------------------------------------------------------------
Netlist sorting complete. Time (s): cpu = 00:00:00 ; elapsed = 00:00:00.032 . Memory (MB): peak = 1381.598 ; gain = 0.000
INFO: [Project 1-570] Preparing netlist for logic optimization

Processing XDC Constraints
Initializing timing engine
Parsing XDC File [c:/Users/titi7/Desktop/keysights/project_ascon/project_ascon.gen/sources_1/ip/clk_wiz_0/clk_wiz_0/clk_wiz_0_in_context.xdc] for cell 'clock_100MHz'
Finished Parsing XDC File [c:/Users/titi7/Desktop/keysights/project_ascon/project_ascon.gen/sources_1/ip/clk_wiz_0/clk_wiz_0/clk_wiz_0_in_context.xdc] for cell 'clock_100MHz'
Parsing XDC File [c:/Users/titi7/Desktop/keysights/project_ascon/project_ascon.gen/sources_1/ip/blk_mem_gen_0/blk_mem_gen_0/blk_mem_gen_0_in_context.xdc] for cell 'memory_rom'
Finished Parsing XDC File [c:/Users/titi7/Desktop/keysights/project_ascon/project_ascon.gen/sources_1/ip/blk_mem_gen_0/blk_mem_gen_0/blk_mem_gen_0_in_context.xdc] for cell 'memory_rom'
Parsing XDC File [C:/Users/titi7/Desktop/keysights/project_ascon/project_ascon.srcs/constrs_1/new/contrainte_top_ascon.xdc]
Finished Parsing XDC File [C:/Users/titi7/Desktop/keysights/project_ascon/project_ascon.srcs/constrs_1/new/contrainte_top_ascon.xdc]
INFO: [Project 1-236] Implementation specific constraints were found while reading constraint file [C:/Users/titi7/Desktop/keysights/project_ascon/project_ascon.srcs/constrs_1/new/contrainte_top_ascon.xdc]. These constraints will be ignored for synthesis but will be used in implementation. Impacted constraints are listed in the file [.Xil/top_ascon_propImpl.xdc].
Resolution: To avoid this warning, move constraints listed in [.Xil/top_ascon_propImpl.xdc] to another XDC file and exclude this new file from synthesis with the used_in_synthesis property (File Properties dialog in GUI) and re-run elaboration/synthesis.
Completed Processing XDC Constraints

Netlist sorting complete. Time (s): cpu = 00:00:00 ; elapsed = 00:00:00.001 . Memory (MB): peak = 1481.730 ; gain = 0.000
INFO: [Project 1-111] Unisim Transformation Summary:
No Unisim elements were transformed.

Constraint Validation Runtime : Time (s): cpu = 00:00:00 ; elapsed = 00:00:00.005 . Memory (MB): peak = 1481.730 ; gain = 0.000
WARNING: [Timing 38-316] Clock period '20.000' specified during out-of-context synthesis of instance 'memory_rom' at clock pin 'clka' is different from the actual clock period '10.000', this can lead to different synthesis results.
INFO: [Designutils 20-5440] No compile time benefit to using incremental synthesis; A full resynthesis will be run
INFO: [Designutils 20-4379] Flow is switching to default flow due to incremental criteria not met. If you would like to alter this behaviour and have the flow terminate instead, please set the following parameter config_implementation {autoIncr.Synth.RejectBehavior Terminate}
---------------------------------------------------------------------------------
Finished Constraint Validation : Time (s): cpu = 00:00:13 ; elapsed = 00:00:14 . Memory (MB): peak = 1481.918 ; gain = 711.445
---------------------------------------------------------------------------------
---------------------------------------------------------------------------------
Start Loading Part and Timing Information
---------------------------------------------------------------------------------
Loading part: xc7z020clg484-1
---------------------------------------------------------------------------------
Finished Loading Part and Timing Information : Time (s): cpu = 00:00:13 ; elapsed = 00:00:14 . Memory (MB): peak = 1481.918 ; gain = 711.445
---------------------------------------------------------------------------------
---------------------------------------------------------------------------------
Start Applying 'set_property' XDC Constraints
---------------------------------------------------------------------------------
---------------------------------------------------------------------------------
Finished applying 'set_property' XDC Constraints : Time (s): cpu = 00:00:13 ; elapsed = 00:00:14 . Memory (MB): peak = 1481.918 ; gain = 711.445
---------------------------------------------------------------------------------
INFO: [Synth 8-802] inferred FSM for state register 'Ep_reg' in module 'fsm_moore'
INFO: [Synth 8-802] inferred FSM for state register 'Ep_reg' in module 'fsm_top'
---------------------------------------------------------------------------------------------------
                   State |                     New Encoding |                Previous Encoding 
---------------------------------------------------------------------------------------------------
                    idle |       00000000000000000000000001 | 00000000000000000000000000000000
               conf_init |       00000000000000000000000010 | 00000000000000000000000000000001
              start_init |       00000000000000000000000100 | 00000000000000000000000000000010
                    init |       00000000000000000000001000 | 00000000000000000000000000000011
                end_init |       00000000000000000000010000 | 00000000000000000000000000000100
               idle_next |       00000000000000000000100000 | 00000000000000000000000000000101
                 conf_da |       00000000000000000001000000 | 00000000000000000000000000000111
                start_da |       00000000000000000010000000 | 00000000000000000000000000001000
                      da |       00000000000000000100000000 | 00000000000000000000000000001001
                  end_da |       00000000000000001000000000 | 00000000000000000000000000001010
                 idle_da |       00000000000000010000000000 | 00000000000000000000000000000110
       conf_first_cipher |       00000000000000100000000000 | 00000000000000000000000000001011
            first_cipher |       00000000000001000000000000 | 00000000000000000000000000001100
             conf_cipher |       00000000000010000000000000 | 00000000000000000000000000001110
            start_cipher |       00000000000100000000000000 | 00000000000000000000000000001111
                cipherP0 |       00000000001000000000000000 | 00000000000000000000000000010000
                  cipher |       00000000010000000000000000 | 00000000000000000000000000010001
              end_cipher |       00000000100000000000000000 | 00000000000000000000000000010010
             idle_cipher |       00000001000000000000000000 | 00000000000000000000000000001101
                conf_tag |       00000010000000000000000000 | 00000000000000000000000000010011
               start_tag |       00000100000000000000000000 | 00000000000000000000000000010100
                   tagP0 |       00001000000000000000000000 | 00000000000000000000000000010101
                     tag |       00010000000000000000000000 | 00000000000000000000000000010110
                 end_tag |       00100000000000000000000000 | 00000000000000000000000000010111
            wait_restart |       01000000000000000000000000 | 00000000000000000000000000011000
            idle_restart |       10000000000000000000000000 | 00000000000000000000000000011001
---------------------------------------------------------------------------------------------------
INFO: [Synth 8-3354] encoded FSM with state register 'Ep_reg' using encoding 'one-hot' in module 'fsm_moore'
---------------------------------------------------------------------------------------------------
                   State |                     New Encoding |                Previous Encoding 
---------------------------------------------------------------------------------------------------
                    idle |            000000000000000000001 | 00000000000000000000000000000000
              wait_start |            000000000000000000010 | 00000000000000000000000000000001
               end_start |            000000000000000000100 | 00000000000000000000000000000010
           wait_end_init |            000000000000000001000 | 00000000000000000000000000000011
                   wait1 |            000000000000000010000 | 00000000000000000000000000000100
                   data1 |            000000000000000100000 | 00000000000000000000000000000101
               end_data1 |            000000000000001000000 | 00000000000000000000000000000110
     wait_end_associated |            000000000000010000000 | 00000000000000000000000000000111
                   wait2 |            000000000000100000000 | 00000000000000000000000000001000
                   data2 |            000000000001000000000 | 00000000000000000000000000001001
               end_data2 |            000000000010000000000 | 00000000000000000000000000001010
         wait_end_cipher |            000000000100000000000 | 00000000000000000000000000001011
                   wait3 |            000000001000000000000 | 00000000000000000000000000001100
                   data3 |            000000010000000000000 | 00000000000000000000000000001101
               end_data3 |            000000100000000000000 | 00000000000000000000000000001110
        wait_end_cipher2 |            000001000000000000000 | 00000000000000000000000000001111
                   wait4 |            000010000000000000000 | 00000000000000000000000000010000
                   data4 |            000100000000000000000 | 00000000000000000000000000010001
               end_data4 |            001000000000000000000 | 00000000000000000000000000010010
                wait_end |            010000000000000000000 | 00000000000000000000000000010011
               end_state |            100000000000000000000 | 00000000000000000000000000010100
---------------------------------------------------------------------------------------------------
INFO: [Synth 8-3354] encoded FSM with state register 'Ep_reg' using encoding 'one-hot' in module 'fsm_top'
---------------------------------------------------------------------------------
Finished RTL Optimization Phase 2 : Time (s): cpu = 00:00:13 ; elapsed = 00:00:14 . Memory (MB): peak = 1481.918 ; gain = 711.445
---------------------------------------------------------------------------------
---------------------------------------------------------------------------------
Start RTL Component Statistics 
---------------------------------------------------------------------------------
Detailed RTL Component Info : 
+---Adders : 
	   2 Input    4 Bit       Adders := 1     
+---XORs : 
	   2 Input    128 Bit         XORs := 2     
	   2 Input     64 Bit         XORs := 1     
	   3 Input     64 Bit         XORs := 5     
	   2 Input      8 Bit         XORs := 1     
	   2 Input      1 Bit         XORs := 1     
+---Registers : 
	              128 Bit    Registers := 1     
	               64 Bit    Registers := 6     
	                4 Bit    Registers := 1     
+---Muxes : 
	   2 Input  128 Bit        Muxes := 3     
	   2 Input   64 Bit        Muxes := 6     
	  26 Input   26 Bit        Muxes := 1     
	   2 Input   26 Bit        Muxes := 13    
	  21 Input   21 Bit        Muxes := 1     
	   2 Input   21 Bit        Muxes := 7     
	   2 Input    4 Bit        Muxes := 2     
	  21 Input    2 Bit        Muxes := 1     
	  26 Input    1 Bit        Muxes := 10    
	  21 Input    1 Bit        Muxes := 1     
---------------------------------------------------------------------------------
Finished RTL Component Statistics 
---------------------------------------------------------------------------------
---------------------------------------------------------------------------------
Start Part Resource Summary
---------------------------------------------------------------------------------
Part Resources:
DSPs: 220 (col length:60)
BRAMs: 280 (col length: RAMB18 60 RAMB36 30)
---------------------------------------------------------------------------------
Finished Part Resource Summary
---------------------------------------------------------------------------------
---------------------------------------------------------------------------------
Start Cross Boundary and Area Optimization
---------------------------------------------------------------------------------
WARNING: [Synth 8-7080] Parallel synthesis criteria is not met
---------------------------------------------------------------------------------
Finished Cross Boundary and Area Optimization : Time (s): cpu = 00:00:17 ; elapsed = 00:00:20 . Memory (MB): peak = 1497.887 ; gain = 727.414
---------------------------------------------------------------------------------
---------------------------------------------------------------------------------
Start ROM, RAM, DSP, Shift Register and Retiming Reporting
---------------------------------------------------------------------------------

ROM: Preliminary Mapping Report
+------------+----------------------------------------------------+---------------+----------------+
|Module Name | RTL Object                                         | Depth x Width | Implemented As | 
+------------+----------------------------------------------------+---------------+----------------+
|sbox        | sbox_o                                             | 32x5          | LUT            | 
|top_ascon   | DUT/U3/Ps_instance/generate_sbox[0].sbox_u/sbox_o  | 32x5          | LUT            | 
|top_ascon   | DUT/U3/Ps_instance/generate_sbox[1].sbox_u/sbox_o  | 32x5          | LUT            | 
|top_ascon   | DUT/U3/Ps_instance/generate_sbox[2].sbox_u/sbox_o  | 32x5          | LUT            | 
|top_ascon   | DUT/U3/Ps_instance/generate_sbox[3].sbox_u/sbox_o  | 32x5          | LUT            | 
|top_ascon   | DUT/U3/Ps_instance/generate_sbox[4].sbox_u/sbox_o  | 32x5          | LUT            | 
|top_ascon   | DUT/U3/Ps_instance/generate_sbox[5].sbox_u/sbox_o  | 32x5          | LUT            | 
|top_ascon   | DUT/U3/Ps_instance/generate_sbox[6].sbox_u/sbox_o  | 32x5          | LUT            | 
|top_ascon   | DUT/U3/Ps_instance/generate_sbox[7].sbox_u/sbox_o  | 32x5          | LUT            | 
|top_ascon   | DUT/U3/Ps_instance/generate_sbox[8].sbox_u/sbox_o  | 32x5          | LUT            | 
|top_ascon   | DUT/U3/Ps_instance/generate_sbox[9].sbox_u/sbox_o  | 32x5          | LUT            | 
|top_ascon   | DUT/U3/Ps_instance/generate_sbox[10].sbox_u/sbox_o | 32x5          | LUT            | 
|top_ascon   | DUT/U3/Ps_instance/generate_sbox[11].sbox_u/sbox_o | 32x5          | LUT            | 
|top_ascon   | DUT/U3/Ps_instance/generate_sbox[12].sbox_u/sbox_o | 32x5          | LUT            | 
|top_ascon   | DUT/U3/Ps_instance/generate_sbox[13].sbox_u/sbox_o | 32x5          | LUT            | 
|top_ascon   | DUT/U3/Ps_instance/generate_sbox[14].sbox_u/sbox_o | 32x5          | LUT            | 
|top_ascon   | DUT/U3/Ps_instance/generate_sbox[15].sbox_u/sbox_o | 32x5          | LUT            | 
|top_ascon   | DUT/U3/Ps_instance/generate_sbox[16].sbox_u/sbox_o | 32x5          | LUT            | 
|top_ascon   | DUT/U3/Ps_instance/generate_sbox[17].sbox_u/sbox_o | 32x5          | LUT            | 
|top_ascon   | DUT/U3/Ps_instance/generate_sbox[18].sbox_u/sbox_o | 32x5          | LUT            | 
|top_ascon   | DUT/U3/Ps_instance/generate_sbox[19].sbox_u/sbox_o | 32x5          | LUT            | 
|top_ascon   | DUT/U3/Ps_instance/generate_sbox[20].sbox_u/sbox_o | 32x5          | LUT            | 
|top_ascon   | DUT/U3/Ps_instance/generate_sbox[21].sbox_u/sbox_o | 32x5          | LUT            | 
|top_ascon   | DUT/U3/Ps_instance/generate_sbox[22].sbox_u/sbox_o | 32x5          | LUT            | 
|top_ascon   | DUT/U3/Ps_instance/generate_sbox[23].sbox_u/sbox_o | 32x5          | LUT            | 
|top_ascon   | DUT/U3/Ps_instance/generate_sbox[24].sbox_u/sbox_o | 32x5          | LUT            | 
|top_ascon   | DUT/U3/Ps_instance/generate_sbox[25].sbox_u/sbox_o | 32x5          | LUT            | 
|top_ascon   | DUT/U3/Ps_instance/generate_sbox[26].sbox_u/sbox_o | 32x5          | LUT            | 
|top_ascon   | DUT/U3/Ps_instance/generate_sbox[27].sbox_u/sbox_o | 32x5          | LUT            | 
|top_ascon   | DUT/U3/Ps_instance/generate_sbox[28].sbox_u/sbox_o | 32x5          | LUT            | 
|top_ascon   | DUT/U3/Ps_instance/generate_sbox[29].sbox_u/sbox_o | 32x5          | LUT            | 
|top_ascon   | DUT/U3/Ps_instance/generate_sbox[30].sbox_u/sbox_o | 32x5          | LUT            | 
|top_ascon   | DUT/U3/Ps_instance/generate_sbox[31].sbox_u/sbox_o | 32x5          | LUT            | 
|top_ascon   | DUT/U3/Ps_instance/generate_sbox[32].sbox_u/sbox_o | 32x5          | LUT            | 
|top_ascon   | DUT/U3/Ps_instance/generate_sbox[33].sbox_u/sbox_o | 32x5          | LUT            | 
|top_ascon   | DUT/U3/Ps_instance/generate_sbox[34].sbox_u/sbox_o | 32x5          | LUT            | 
|top_ascon   | DUT/U3/Ps_instance/generate_sbox[35].sbox_u/sbox_o | 32x5          | LUT            | 
|top_ascon   | DUT/U3/Ps_instance/generate_sbox[36].sbox_u/sbox_o | 32x5          | LUT            | 
|top_ascon   | DUT/U3/Ps_instance/generate_sbox[37].sbox_u/sbox_o | 32x5          | LUT            | 
|top_ascon   | DUT/U3/Ps_instance/generate_sbox[38].sbox_u/sbox_o | 32x5          | LUT            | 
|top_ascon   | DUT/U3/Ps_instance/generate_sbox[39].sbox_u/sbox_o | 32x5          | LUT            | 
|top_ascon   | DUT/U3/Ps_instance/generate_sbox[40].sbox_u/sbox_o | 32x5          | LUT            | 
|top_ascon   | DUT/U3/Ps_instance/generate_sbox[41].sbox_u/sbox_o | 32x5          | LUT            | 
|top_ascon   | DUT/U3/Ps_instance/generate_sbox[42].sbox_u/sbox_o | 32x5          | LUT            | 
|top_ascon   | DUT/U3/Ps_instance/generate_sbox[43].sbox_u/sbox_o | 32x5          | LUT            | 
|top_ascon   | DUT/U3/Ps_instance/generate_sbox[44].sbox_u/sbox_o | 32x5          | LUT            | 
|top_ascon   | DUT/U3/Ps_instance/generate_sbox[45].sbox_u/sbox_o | 32x5          | LUT            | 
|top_ascon   | DUT/U3/Ps_instance/generate_sbox[46].sbox_u/sbox_o | 32x5          | LUT            | 
|top_ascon   | DUT/U3/Ps_instance/generate_sbox[47].sbox_u/sbox_o | 32x5          | LUT            | 
|top_ascon   | DUT/U3/Ps_instance/generate_sbox[48].sbox_u/sbox_o | 32x5          | LUT            | 
|top_ascon   | DUT/U3/Ps_instance/generate_sbox[49].sbox_u/sbox_o | 32x5          | LUT            | 
|top_ascon   | DUT/U3/Ps_instance/generate_sbox[50].sbox_u/sbox_o | 32x5          | LUT            | 
|top_ascon   | DUT/U3/Ps_instance/generate_sbox[51].sbox_u/sbox_o | 32x5          | LUT            | 
|top_ascon   | DUT/U3/Ps_instance/generate_sbox[52].sbox_u/sbox_o | 32x5          | LUT            | 
|top_ascon   | DUT/U3/Ps_instance/generate_sbox[53].sbox_u/sbox_o | 32x5          | LUT            | 
|top_ascon   | DUT/U3/Ps_instance/generate_sbox[54].sbox_u/sbox_o | 32x5          | LUT            | 
|top_ascon   | DUT/U3/Ps_instance/generate_sbox[55].sbox_u/sbox_o | 32x5          | LUT            | 
|top_ascon   | DUT/U3/Ps_instance/generate_sbox[56].sbox_u/sbox_o | 32x5          | LUT            | 
|top_ascon   | DUT/U3/Ps_instance/generate_sbox[57].sbox_u/sbox_o | 32x5          | LUT            | 
|top_ascon   | DUT/U3/Ps_instance/generate_sbox[58].sbox_u/sbox_o | 32x5          | LUT            | 
|top_ascon   | DUT/U3/Ps_instance/generate_sbox[59].sbox_u/sbox_o | 32x5          | LUT            | 
|top_ascon   | DUT/U3/Ps_instance/generate_sbox[60].sbox_u/sbox_o | 32x5          | LUT            | 
|top_ascon   | DUT/U3/Ps_instance/generate_sbox[61].sbox_u/sbox_o | 32x5          | LUT            | 
|top_ascon   | DUT/U3/Ps_instance/generate_sbox[62].sbox_u/sbox_o | 32x5          | LUT            | 
|top_ascon   | DUT/U3/Ps_instance/generate_sbox[63].sbox_u/sbox_o | 32x5          | LUT            | 
+------------+----------------------------------------------------+---------------+----------------+

---------------------------------------------------------------------------------
Finished ROM, RAM, DSP, Shift Register and Retiming Reporting
---------------------------------------------------------------------------------
---------------------------------------------------------------------------------
Start Applying XDC Timing Constraints
---------------------------------------------------------------------------------
---------------------------------------------------------------------------------
Finished Applying XDC Timing Constraints : Time (s): cpu = 00:00:22 ; elapsed = 00:00:24 . Memory (MB): peak = 1608.941 ; gain = 838.469
---------------------------------------------------------------------------------
---------------------------------------------------------------------------------
Start Timing Optimization
---------------------------------------------------------------------------------
---------------------------------------------------------------------------------
Finished Timing Optimization : Time (s): cpu = 00:00:23 ; elapsed = 00:00:26 . Memory (MB): peak = 1662.086 ; gain = 891.613
---------------------------------------------------------------------------------
---------------------------------------------------------------------------------
Start Technology Mapping
---------------------------------------------------------------------------------
---------------------------------------------------------------------------------
Finished Technology Mapping : Time (s): cpu = 00:00:24 ; elapsed = 00:00:26 . Memory (MB): peak = 1662.086 ; gain = 891.613
---------------------------------------------------------------------------------
---------------------------------------------------------------------------------
Start IO Insertion
---------------------------------------------------------------------------------
---------------------------------------------------------------------------------
Start Flattening Before IO Insertion
---------------------------------------------------------------------------------
---------------------------------------------------------------------------------
Finished Flattening Before IO Insertion
---------------------------------------------------------------------------------
---------------------------------------------------------------------------------
Start Final Netlist Cleanup
---------------------------------------------------------------------------------
---------------------------------------------------------------------------------
Finished Final Netlist Cleanup
---------------------------------------------------------------------------------
---------------------------------------------------------------------------------
Finished IO Insertion : Time (s): cpu = 00:00:27 ; elapsed = 00:00:29 . Memory (MB): peak = 1855.965 ; gain = 1085.492
---------------------------------------------------------------------------------
---------------------------------------------------------------------------------
Start Renaming Generated Instances
---------------------------------------------------------------------------------
---------------------------------------------------------------------------------
Finished Renaming Generated Instances : Time (s): cpu = 00:00:27 ; elapsed = 00:00:29 . Memory (MB): peak = 1855.965 ; gain = 1085.492
---------------------------------------------------------------------------------
---------------------------------------------------------------------------------
Start Rebuilding User Hierarchy
---------------------------------------------------------------------------------
---------------------------------------------------------------------------------
Finished Rebuilding User Hierarchy : Time (s): cpu = 00:00:27 ; elapsed = 00:00:29 . Memory (MB): peak = 1855.965 ; gain = 1085.492
---------------------------------------------------------------------------------
---------------------------------------------------------------------------------
Start Renaming Generated Ports
---------------------------------------------------------------------------------
---------------------------------------------------------------------------------
Finished Renaming Generated Ports : Time (s): cpu = 00:00:27 ; elapsed = 00:00:29 . Memory (MB): peak = 1855.965 ; gain = 1085.492
---------------------------------------------------------------------------------
---------------------------------------------------------------------------------
Start Handling Custom Attributes
---------------------------------------------------------------------------------
---------------------------------------------------------------------------------
Finished Handling Custom Attributes : Time (s): cpu = 00:00:27 ; elapsed = 00:00:29 . Memory (MB): peak = 1855.965 ; gain = 1085.492
---------------------------------------------------------------------------------
---------------------------------------------------------------------------------
Start Renaming Generated Nets
---------------------------------------------------------------------------------
---------------------------------------------------------------------------------
Finished Renaming Generated Nets : Time (s): cpu = 00:00:27 ; elapsed = 00:00:29 . Memory (MB): peak = 1855.965 ; gain = 1085.492
---------------------------------------------------------------------------------
---------------------------------------------------------------------------------
Start Writing Synthesis Report
---------------------------------------------------------------------------------

Report BlackBoxes: 
+------+--------------+----------+
|      |BlackBox name |Instances |
+------+--------------+----------+
|1     |clk_wiz_0     |         1|
|2     |blk_mem_gen_0 |         1|
+------+--------------+----------+

Report Cell Usage: 
+------+------------+------+
|      |Cell        |Count |
+------+------------+------+
|1     |blk_mem_gen |     1|
|2     |clk_wiz     |     1|
|3     |LUT2        |    59|
|4     |LUT3        |   265|
|5     |LUT4        |   104|
|6     |LUT5        |   227|
|7     |LUT6        |   272|
|8     |MUXF7       |    16|
|9     |FDCE        |   561|
|10    |FDPE        |     2|
|11    |IBUF        |     7|
|12    |OBUF        |     8|
+------+------------+------+
---------------------------------------------------------------------------------
Finished Writing Synthesis Report : Time (s): cpu = 00:00:27 ; elapsed = 00:00:29 . Memory (MB): peak = 1855.965 ; gain = 1085.492
---------------------------------------------------------------------------------
Synthesis finished with 0 errors, 0 critical warnings and 1 warnings.
Synthesis Optimization Runtime : Time (s): cpu = 00:00:19 ; elapsed = 00:00:28 . Memory (MB): peak = 1855.965 ; gain = 985.172
Synthesis Optimization Complete : Time (s): cpu = 00:00:27 ; elapsed = 00:00:30 . Memory (MB): peak = 1855.965 ; gain = 1085.492
INFO: [Project 1-571] Translating synthesized netlist
Netlist sorting complete. Time (s): cpu = 00:00:00 ; elapsed = 00:00:00.017 . Memory (MB): peak = 1865.133 ; gain = 0.000
INFO: [Netlist 29-17] Analyzing 16 Unisim elements for replacement
INFO: [Netlist 29-28] Unisim Transformation completed in 0 CPU seconds
INFO: [Project 1-570] Preparing netlist for logic optimization
INFO: [Opt 31-138] Pushed 0 inverter(s) to 0 load pin(s).
Netlist sorting complete. Time (s): cpu = 00:00:00 ; elapsed = 00:00:00.001 . Memory (MB): peak = 1868.789 ; gain = 0.000
INFO: [Project 1-111] Unisim Transformation Summary:
No Unisim elements were transformed.

Synth Design complete | Checksum: 50a309fc
INFO: [Common 17-83] Releasing license: Synthesis
63 Infos, 5 Warnings, 0 Critical Warnings and 0 Errors encountered.
synth_design completed successfully
synth_design: Time (s): cpu = 00:00:31 ; elapsed = 00:00:42 . Memory (MB): peak = 1868.789 ; gain = 1313.906
Write ShapeDB Complete: Time (s): cpu = 00:00:00 ; elapsed = 00:00:00.002 . Memory (MB): peak = 1868.789 ; gain = 0.000
INFO: [Common 17-1381] The checkpoint 'C:/Users/titi7/Desktop/keysights/project_ascon/project_ascon.runs/synth_1/top_ascon.dcp' has been generated.
INFO: [Vivado 12-24828] Executing command : report_utilization -file top_ascon_utilization_synth.rpt -pb top_ascon_utilization_synth.pb
INFO: [Common 17-206] Exiting Vivado at Wed Apr  1 15:49:23 2026...
