Copyright 1986-2022 Xilinx, Inc. All Rights Reserved. Copyright 2022-2025 Advanced Micro Devices, Inc. All Rights Reserved.
---------------------------------------------------------------------------------------------------------------------------------------------
| Tool Version : Vivado v.2025.1 (win64) Build 6140274 Thu May 22 00:12:29 MDT 2025
| Date         : Wed Apr  1 16:02:15 2026
| Host         : PC-TAU running 64-bit major release  (build 9200)
| Command      : report_control_sets -verbose -file top_ascon_control_sets_placed.rpt
| Design       : top_ascon
| Device       : xc7z020
---------------------------------------------------------------------------------------------------------------------------------------------

Control Set Information

Table of Contents
-----------------
1. Summary
2. Histogram
3. Flip-Flop Distribution
4. Detailed Control Set Information

1. Summary
----------

+----------------------------------------------------------+-------+
|                          Status                          | Count |
+----------------------------------------------------------+-------+
| Total control sets                                       |     5 |
|    Minimum number of control sets                        |     5 |
|    Addition due to synthesis replication                 |     0 |
|    Addition due to physical synthesis replication        |     0 |
| Unused register locations in slices containing registers |     5 |
+----------------------------------------------------------+-------+
* Control sets can be merged at opt_design using control_set_merge or merge_equivalent_drivers
** Run report_qor_suggestions for automated merging and remapping suggestions


2. Histogram
------------

+--------------------+-------+
|       Fanout       | Count |
+--------------------+-------+
| Total control sets |     5 |
| >= 0 to < 4        |     0 |
| >= 4 to < 6        |     1 |
| >= 6 to < 8        |     0 |
| >= 8 to < 10       |     0 |
| >= 10 to < 12      |     0 |
| >= 12 to < 14      |     0 |
| >= 14 to < 16      |     0 |
| >= 16              |     4 |
+--------------------+-------+
* Control sets can be remapped at either synth_design or opt_design


3. Flip-Flop Distribution
-------------------------

+--------------+-----------------------+------------------------+-----------------+--------------+
| Clock Enable | Synchronous Set/Reset | Asynchronous Set/Reset | Total Registers | Total Slices |
+--------------+-----------------------+------------------------+-----------------+--------------+
| No           | No                    | No                     |               0 |            0 |
| No           | No                    | Yes                    |              47 |           13 |
| No           | Yes                   | No                     |               0 |            0 |
| Yes          | No                    | No                     |               0 |            0 |
| Yes          | No                    | Yes                    |             516 |          181 |
| Yes          | Yes                   | No                     |               0 |            0 |
+--------------+-----------------------+------------------------+-----------------+--------------+


4. Detailed Control Set Information
-----------------------------------

+-----------------------------+-----------------------------------+------------------+------------------+----------------+--------------+
|         Clock Signal        |           Enable Signal           | Set/Reset Signal | Slice Load Count | Bel Load Count | Bels / Slice |
+-----------------------------+-----------------------------------+------------------+------------------+----------------+--------------+
|  clock_100MHz/inst/clk_out1 | DUT/U0/E[0]                       | reset_i_IBUF     |                1 |              4 |         4.00 |
|  clock_100MHz/inst/clk_out1 |                                   | reset_i_IBUF     |               13 |             47 |         3.62 |
|  clock_100MHz/inst/clk_out1 | DUT/U0/FSM_onehot_Ep_reg[14]_0[0] | reset_i_IBUF     |               26 |             64 |         2.46 |
|  clock_100MHz/inst/clk_out1 | DUT/U0/Q[15]                      | reset_i_IBUF     |               35 |            128 |         3.66 |
|  clock_100MHz/inst/clk_out1 | DUT/U0/FSM_onehot_Ep_reg[2]_0[0]  | reset_i_IBUF     |              119 |            320 |         2.69 |
+-----------------------------+-----------------------------------+------------------+------------------+----------------+--------------+


