Copyright 1986-2022 Xilinx, Inc. All Rights Reserved. Copyright 2022-2025 Advanced Micro Devices, Inc. All Rights Reserved.
-----------------------------------------------------------------------------------------------------------------------------------------------------------------
| Tool Version : Vivado v.2025.1 (win64) Build 6140274 Thu May 22 00:12:29 MDT 2025
| Date         : Wed Apr  1 16:02:51 2026
| Host         : PC-TAU running 64-bit major release  (build 9200)
| Command      : report_methodology -file top_ascon_methodology_drc_routed.rpt -pb top_ascon_methodology_drc_routed.pb -rpx top_ascon_methodology_drc_routed.rpx
| Design       : top_ascon
| Device       : xc7z020clg484-1
| Speed File   : -1
| Design State : Fully Routed
-----------------------------------------------------------------------------------------------------------------------------------------------------------------

Report Methodology

Table of Contents
-----------------
1. REPORT SUMMARY
2. REPORT DETAILS

1. REPORT SUMMARY
-----------------
            Netlist: netlist
          Floorplan: checkpoint_top_ascon
      Design limits: <entire design considered>
             Max checks: <unlimited>
             Checks found: 10
+-----------+----------+-------------------------------+--------+
| Rule      | Severity | Description                   | Checks |
+-----------+----------+-------------------------------+--------+
| TIMING-18 | Warning  | Missing input or output delay | 10     |
+-----------+----------+-------------------------------+--------+

2. REPORT DETAILS
-----------------
TIMING-18#1 Warning
Missing input or output delay  
An input delay is missing on init_i relative to the rising and/or falling clock edge(s) of sys_clock_i.
Related violations: <none>

TIMING-18#2 Warning
Missing input or output delay  
An input delay is missing on reset_i relative to the rising and/or falling clock edge(s) of sys_clock_i.
Related violations: <none>

TIMING-18#3 Warning
Missing input or output delay  
An output delay is missing on affichage_o[0] relative to the rising and/or falling clock edge(s) of sys_clock_i.
Related violations: <none>

TIMING-18#4 Warning
Missing input or output delay  
An output delay is missing on affichage_o[1] relative to the rising and/or falling clock edge(s) of sys_clock_i.
Related violations: <none>

TIMING-18#5 Warning
Missing input or output delay  
An output delay is missing on affichage_o[2] relative to the rising and/or falling clock edge(s) of sys_clock_i.
Related violations: <none>

TIMING-18#6 Warning
Missing input or output delay  
An output delay is missing on affichage_o[3] relative to the rising and/or falling clock edge(s) of sys_clock_i.
Related violations: <none>

TIMING-18#7 Warning
Missing input or output delay  
An output delay is missing on affichage_o[4] relative to the rising and/or falling clock edge(s) of sys_clock_i.
Related violations: <none>

TIMING-18#8 Warning
Missing input or output delay  
An output delay is missing on affichage_o[5] relative to the rising and/or falling clock edge(s) of sys_clock_i.
Related violations: <none>

TIMING-18#9 Warning
Missing input or output delay  
An output delay is missing on affichage_o[6] relative to the rising and/or falling clock edge(s) of sys_clock_i.
Related violations: <none>

TIMING-18#10 Warning
Missing input or output delay  
An output delay is missing on affichage_o[7] relative to the rising and/or falling clock edge(s) of sys_clock_i.
Related violations: <none>


