INFO: [VRFC 10-2263] Analyzing Verilog file "C:/Users/titi7/Desktop/keysights/project_ascon/project_ascon.sim/sim_1/impl/func/xsim/top_ascon_tb_2_func_impl.v" into library xil_defaultlib
INFO: [VRFC 10-311] analyzing module Permutation
INFO: [VRFC 10-311] analyzing module ascon
INFO: [VRFC 10-311] analyzing module blk_mem_gen_0
INFO: [VRFC 10-311] analyzing module clk_wiz_0
INFO: [VRFC 10-311] analyzing module clk_wiz_0_clk_wiz
INFO: [VRFC 10-311] analyzing module compteur_double_init
INFO: [VRFC 10-311] analyzing module fsm_moore
INFO: [VRFC 10-311] analyzing module fsm_top
INFO: [VRFC 10-311] analyzing module register_w_en
INFO: [VRFC 10-311] analyzing module register_w_en__parameterized0
INFO: [VRFC 10-311] analyzing module state_register_w_en
INFO: [VRFC 10-311] analyzing module top_ascon
INFO: [VRFC 10-311] analyzing module blk_mem_gen_0_blk_mem_gen_generic_cstr
INFO: [VRFC 10-311] analyzing module blk_mem_gen_0_blk_mem_gen_prim_width
INFO: [VRFC 10-311] analyzing module blk_mem_gen_0_blk_mem_gen_prim_wrapper_init
INFO: [VRFC 10-311] analyzing module blk_mem_gen_0_blk_mem_gen_top
INFO: [VRFC 10-311] analyzing module blk_mem_gen_0_blk_mem_gen_v8_4_9
INFO: [VRFC 10-311] analyzing module blk_mem_gen_0_blk_mem_gen_v8_4_9_synth
INFO: [VRFC 10-311] analyzing module glbl
INFO: [VRFC 10-2263] Analyzing SystemVerilog file "C:/Users/titi7/Desktop/keysights/project_ascon/project_ascon.srcs/sim_1/new/top_ascon_tb_2.sv" into library xil_defaultlib
INFO: [VRFC 10-311] analyzing module top_ascon_tb_2
